Error at line 3: symbol 'a' is already declared!
Error at line 5: symbol 'b' is already declared!
Error at line 7: symbol 'c' is already declared!
