Error at line 2: symbol 'a' is not declared
Error at line 3: symbol 'help' is not declared
