Error at line 8: Invalid operation: d + f (mismatched types: int and float)
Error at line 14: Invalid operation: i1 + b1 (mismatched types: int and bool)
Error at line 16: Trying to assign int to bool variable
Error at line 18: Trying to assign int to float variable
