Error at line 5: Function help() missing return statement
