Error at line 3: Trying to assign int to bool variable
