Program
  List
    FunctionDeclaration
      IdentifierDeclaration
        UnknownType
        Constant
      List
      VoidType
      Block
        List
          IdentifierDeclarationStatement
            IdentifierDeclaration
              IntType
              Variable
            Opt
              Int
                IntType
          IdentifierDeclarationStatement
            IdentifierDeclaration
              IntType
              Variable
            Opt
              IdentifierUse
                InferredType
          IdentifierDeclarationStatement
            IdentifierDeclaration
              BoolType
              Variable
            Opt
              Bool
                BoolType
          IdentifierDeclarationStatement
            IdentifierDeclaration
              BoolType
              Variable
            Opt
              IdentifierUse
                InferredType
          IdentifierDeclarationStatement
            IdentifierDeclaration
              FloatType
              Variable
            Opt
              Float64
                FloatType
          IdentifierDeclarationStatement
            IdentifierDeclaration
              FloatType
              Variable
            Opt
              IdentifierUse
                InferredType
